// Jest Snapshot v1, https://goo.gl/fbAQLP

exports[`# prepareRepository Should return prepared recipes 1`] = `
Array [
  Object {
    "id": "4dT8tcb6ukGSIg2YyuGEOm",
    "image": "//images.ctfassets.net/kk2bw5ojx476/61XHcqOBFYAYCGsKugoMYK/0009ec560684b37f7f7abadd66680179/SKU1240_hero-374f8cece3c71f5fcdc939039e00fb96.jpg",
    "rating": 0,
    "title": "White Cheddar Grilled Cheese with Cherry Preserves & Basil",
  },
  Object {
    "id": "5jy9hcMeEgQ4maKGqIOYW6",
    "image": "//images.ctfassets.net/kk2bw5ojx476/48S44TRZN626y4Wy4CuOmA/9c0a510bc3d18dda9318c6bf49fac327/SKU1498_Hero_154__2_-adb6124909b48c69f869afecb78b6808-2.jpg",
    "rating": 0,
    "title": "Tofu Saag Paneer with Buttery Toasted Pita",
  },
  Object {
    "id": "2E8bc3VcJmA8OgmQsageas",
    "image": "//images.ctfassets.net/kk2bw5ojx476/3TJp6aDAcMw6yMiE82Oy0K/2a4cde3c1c7e374166dcce1e900cb3c1/SKU1503_Hero_102__1_-6add52eb4eec83f785974ddeac3316b7.jpg",
    "rating": 0,
    "title": "Grilled Steak & Vegetables with Cilantro-Jalape√±o Dressing",
  },
  Object {
    "id": "437eO3ORCME46i02SeCW46",
    "image": "//images.ctfassets.net/kk2bw5ojx476/5mFyTozvSoyE0Mqseoos86/fb88f4302cfd184492e548cde11a2555/SKU1479_Hero_077-71d8a07ff8e79abcb0e6c0ebf0f3b69c.jpg",
    "rating": 0,
    "title": "Crispy Chicken and Rice	with Peas & Arugula Salad",
  },
]
`;
